error: missing lifetimes bound declaration: 'lftb: 'lfta
  --> tests/ui/lifetimes_bound_nested_ref_expl.rs:5:37
   |
LL | pub fn lifetime_translator_1<'lfta, 'lftb, T>(val_a: &'lfta &'lftb T, _val_b: &'lftb T) -> &'lfta T {
   |                                     ^^^^^ help: try: `'lftb: 'lfta`
   |
note: this lifetimes bound is implied here:
  --> tests/ui/lifetimes_bound_nested_ref_expl.rs:5:55
   |
LL | pub fn lifetime_translator_1<'lfta, 'lftb, T>(val_a: &'lfta &'lftb T, _val_b: &'lftb T) -> &'lfta T {
   |                                                       ^^^^^^^^^^^^
   = note: `-D clippy::explicit-lifetimes-bound` implied by `-D warnings`
   = help: to override `-D warnings` add `#[allow(clippy::explicit_lifetimes_bound)]`

error: missing lifetimes bound declaration: 'a: 'b
  --> tests/ui/lifetimes_bound_nested_ref_expl.rs:25:6
   |
LL | impl<'a, 'b> Subtrait<'a, 'b, &'b &'a ()> for MyStruct {}
   |      ^^ help: try: `'a: 'b`
   |
note: this lifetimes bound is implied here:
  --> tests/ui/lifetimes_bound_nested_ref_expl.rs:25:32
   |
LL | impl<'a, 'b> Subtrait<'a, 'b, &'b &'a ()> for MyStruct {}
   |                                ^^^^^^

error: missing lifetimes bound declaration: 'a: 'b
  --> tests/ui/lifetimes_bound_nested_ref_expl.rs:41:6
   |
LL | impl<'a, 'b> Extend1<'a, 'b> for <&'b &'a () as Trait1>::Type1 {
   |      ^^ help: try: `'a: 'b`
   |
note: this lifetimes bound is implied here:
  --> tests/ui/lifetimes_bound_nested_ref_expl.rs:41:36
   |
LL | impl<'a, 'b> Extend1<'a, 'b> for <&'b &'a () as Trait1>::Type1 {
   |                                    ^^^^^^

error: missing lifetimes bound declaration: 'b: 'a
  --> tests/ui/lifetimes_bound_nested_ref_expl.rs:49:32
   |
LL | unsafe fn deinit_slice_mut<'a, 'b, T>(s: &'a mut &'b mut [T]) -> &'a mut &'b mut [MaybeUninit<T>] {
   |                                ^^ help: try: `'b: 'a`
   |
note: this lifetimes bound is implied here:
  --> tests/ui/lifetimes_bound_nested_ref_expl.rs:49:43
   |
LL | unsafe fn deinit_slice_mut<'a, 'b, T>(s: &'a mut &'b mut [T]) -> &'a mut &'b mut [MaybeUninit<T>] {
   |                                           ^^^^^^^^^^

error: missing lifetimes bound declaration: 'a: 'b
  --> tests/ui/lifetimes_bound_nested_ref_expl.rs:64:21
   |
LL | fn test_unnamed_ref<'a, 'b>(w1: &'b mut &mut Thing1<'a>, w2: &mut Thing2<'b>) -> &'a u8 {
   |                     ^^ help: try: `'a: 'b`
   |
note: this lifetimes bound is implied here:
  --> tests/ui/lifetimes_bound_nested_ref_expl.rs:64:34
   |
LL | fn test_unnamed_ref<'a, 'b>(w1: &'b mut &mut Thing1<'a>, w2: &mut Thing2<'b>) -> &'a u8 {
   |                                  ^^^^^^^^^^^^^^^^^^^^^

error: aborting due to 5 previous errors

